MO Snake_Controller NULL Snake_Controller.v vlg71/_snake___controller.bin 1364877098
MO VGA NULL VGA.v vlg0A/_v_g_a.bin 1364877098
MO kbctrl NULL "../../../Lab5 A/kbctrl.v" vlg3A/kbctrl.bin 1364877098
MO Snake_VGA NULL Snake_VGA.v vlg5B/_snake___v_g_a.bin 1364877098
MO Debounce_Single_Pulser NULL Debouncer_Single_Pulser.v vlg34/_debounce___single___pulser.bin 1364872721
